
> untangle_zeroclutter@1.0.0 build
> next build

  Γû▓ Next.js 14.2.3

   Creating an optimized production build ...
node.exe : Failed to 
compile.
At C:\Program 
Files\nodejs\npm.ps1:29 
char:3
+   & $NODE_EXE 
$NPM_CLI_JS $args
+   ~~~~~~~~~~~~~~~~~~~~~
~~~~~~~~
    + CategoryInfo       
       : NotSpecified:   
  (Failed to compile.:   
 String) [], RemoteEx    
ception
    + FullyQualifiedErro 
   rId : NativeCommandE  
  rror
 

./app/page.tsx
Module not found: Can't 
resolve 
'@/components/FileUpload'

https://nextjs.org/docs/m
essages/module-not-found

./app/page.tsx
Module not found: Can't 
resolve '@/components/Sum
maryGrid'

https://nextjs.org/docs/m
essages/module-not-found

./app/api/summary/route.t
s
Module not found: Can't 
resolve '@/lib/storage'

https://nextjs.org/docs/m
essages/module-not-found

./app/api/upload/route.ts
Module not found: Can't 
resolve '@/lib/parser'

https://nextjs.org/docs/m
essages/module-not-found

./app/api/upload/route.ts
Module not found: Can't 
resolve '@/lib/cleaner'

https://nextjs.org/docs/m
essages/module-not-found


> Build failed because 
of webpack errors
